2025-11-24 16:18:18 [ERROR] common.decorators - Unhandled error in get_projects (/Users/mahonglve/Desktop/gongdao/projects/gene/app/common/decorators.py:29)
Traceback (most recent call last):
  File "/Users/mahonglve/Desktop/gongdao/projects/gene/app/common/decorators.py", line 25, in async_wrapper
    return await func(*args, **kwargs)
           ^^^^^^^^^^^^^^^^^^^^^^^^^^^
  File "/Users/mahonglve/Desktop/gongdao/projects/gene/app/api/routes/remote.py", line 175, in get_projects
    return JSONResponse(
           ^^^^^^^^^^^^^
  File "/Users/mahonglve/.pyenv/versions/3.12.9/lib/python3.12/site-packages/starlette/responses.py", line 182, in __init__
    super().__init__(content, status_code, headers, media_type, background)
  File "/Users/mahonglve/.pyenv/versions/3.12.9/lib/python3.12/site-packages/starlette/responses.py", line 45, in __init__
    self.body = self.render(content)
                ^^^^^^^^^^^^^^^^^^^^
  File "/Users/mahonglve/.pyenv/versions/3.12.9/lib/python3.12/site-packages/starlette/responses.py", line 185, in render
    return json.dumps(
           ^^^^^^^^^^^
  File "/Users/mahonglve/.pyenv/versions/3.12.9/lib/python3.12/json/__init__.py", line 238, in dumps
    **kw).encode(obj)
          ^^^^^^^^^^^
  File "/Users/mahonglve/.pyenv/versions/3.12.9/lib/python3.12/json/encoder.py", line 200, in encode
    chunks = self.iterencode(o, _one_shot=True)
             ^^^^^^^^^^^^^^^^^^^^^^^^^^^^^^^^^^
  File "/Users/mahonglve/.pyenv/versions/3.12.9/lib/python3.12/json/encoder.py", line 258, in iterencode
    return _iterencode(o, 0)
           ^^^^^^^^^^^^^^^^^
  File "/Users/mahonglve/.pyenv/versions/3.12.9/lib/python3.12/json/encoder.py", line 180, in default
    raise TypeError(f'Object of type {o.__class__.__name__} '
TypeError: Object of type RowMapping is not JSON serializable
2025-11-24 16:18:26 [ERROR] common.decorators - Unhandled error in get_projects (/Users/mahonglve/Desktop/gongdao/projects/gene/app/common/decorators.py:29)
Traceback (most recent call last):
  File "/Users/mahonglve/Desktop/gongdao/projects/gene/app/common/decorators.py", line 25, in async_wrapper
    return await func(*args, **kwargs)
           ^^^^^^^^^^^^^^^^^^^^^^^^^^^
  File "/Users/mahonglve/Desktop/gongdao/projects/gene/app/api/routes/remote.py", line 175, in get_projects
    return JSONResponse(
           ^^^^^^^^^^^^^
  File "/Users/mahonglve/.pyenv/versions/3.12.9/lib/python3.12/site-packages/starlette/responses.py", line 182, in __init__
    super().__init__(content, status_code, headers, media_type, background)
  File "/Users/mahonglve/.pyenv/versions/3.12.9/lib/python3.12/site-packages/starlette/responses.py", line 45, in __init__
    self.body = self.render(content)
                ^^^^^^^^^^^^^^^^^^^^
  File "/Users/mahonglve/.pyenv/versions/3.12.9/lib/python3.12/site-packages/starlette/responses.py", line 185, in render
    return json.dumps(
           ^^^^^^^^^^^
  File "/Users/mahonglve/.pyenv/versions/3.12.9/lib/python3.12/json/__init__.py", line 238, in dumps
    **kw).encode(obj)
          ^^^^^^^^^^^
  File "/Users/mahonglve/.pyenv/versions/3.12.9/lib/python3.12/json/encoder.py", line 200, in encode
    chunks = self.iterencode(o, _one_shot=True)
             ^^^^^^^^^^^^^^^^^^^^^^^^^^^^^^^^^^
  File "/Users/mahonglve/.pyenv/versions/3.12.9/lib/python3.12/json/encoder.py", line 258, in iterencode
    return _iterencode(o, 0)
           ^^^^^^^^^^^^^^^^^
  File "/Users/mahonglve/.pyenv/versions/3.12.9/lib/python3.12/json/encoder.py", line 180, in default
    raise TypeError(f'Object of type {o.__class__.__name__} '
TypeError: Object of type RowMapping is not JSON serializable
2025-11-24 16:18:28 [ERROR] common.decorators - Unhandled error in get_projects (/Users/mahonglve/Desktop/gongdao/projects/gene/app/common/decorators.py:29)
Traceback (most recent call last):
  File "/Users/mahonglve/Desktop/gongdao/projects/gene/app/common/decorators.py", line 25, in async_wrapper
    return await func(*args, **kwargs)
           ^^^^^^^^^^^^^^^^^^^^^^^^^^^
  File "/Users/mahonglve/Desktop/gongdao/projects/gene/app/api/routes/remote.py", line 175, in get_projects
    return JSONResponse(
           ^^^^^^^^^^^^^
  File "/Users/mahonglve/.pyenv/versions/3.12.9/lib/python3.12/site-packages/starlette/responses.py", line 182, in __init__
    super().__init__(content, status_code, headers, media_type, background)
  File "/Users/mahonglve/.pyenv/versions/3.12.9/lib/python3.12/site-packages/starlette/responses.py", line 45, in __init__
    self.body = self.render(content)
                ^^^^^^^^^^^^^^^^^^^^
  File "/Users/mahonglve/.pyenv/versions/3.12.9/lib/python3.12/site-packages/starlette/responses.py", line 185, in render
    return json.dumps(
           ^^^^^^^^^^^
  File "/Users/mahonglve/.pyenv/versions/3.12.9/lib/python3.12/json/__init__.py", line 238, in dumps
    **kw).encode(obj)
          ^^^^^^^^^^^
  File "/Users/mahonglve/.pyenv/versions/3.12.9/lib/python3.12/json/encoder.py", line 200, in encode
    chunks = self.iterencode(o, _one_shot=True)
             ^^^^^^^^^^^^^^^^^^^^^^^^^^^^^^^^^^
  File "/Users/mahonglve/.pyenv/versions/3.12.9/lib/python3.12/json/encoder.py", line 258, in iterencode
    return _iterencode(o, 0)
           ^^^^^^^^^^^^^^^^^
  File "/Users/mahonglve/.pyenv/versions/3.12.9/lib/python3.12/json/encoder.py", line 180, in default
    raise TypeError(f'Object of type {o.__class__.__name__} '
TypeError: Object of type RowMapping is not JSON serializable
2025-11-24 16:18:42 [ERROR] common.decorators - Unhandled error in get_projects (/Users/mahonglve/Desktop/gongdao/projects/gene/app/common/decorators.py:29)
Traceback (most recent call last):
  File "/Users/mahonglve/Desktop/gongdao/projects/gene/app/common/decorators.py", line 25, in async_wrapper
    return await func(*args, **kwargs)
           ^^^^^^^^^^^^^^^^^^^^^^^^^^^
  File "/Users/mahonglve/Desktop/gongdao/projects/gene/app/api/routes/remote.py", line 176, in get_projects
    return JSONResponse(
           ^^^^^^^^^^^^^
  File "/Users/mahonglve/.pyenv/versions/3.12.9/lib/python3.12/site-packages/starlette/responses.py", line 182, in __init__
    super().__init__(content, status_code, headers, media_type, background)
  File "/Users/mahonglve/.pyenv/versions/3.12.9/lib/python3.12/site-packages/starlette/responses.py", line 45, in __init__
    self.body = self.render(content)
                ^^^^^^^^^^^^^^^^^^^^
  File "/Users/mahonglve/.pyenv/versions/3.12.9/lib/python3.12/site-packages/starlette/responses.py", line 185, in render
    return json.dumps(
           ^^^^^^^^^^^
  File "/Users/mahonglve/.pyenv/versions/3.12.9/lib/python3.12/json/__init__.py", line 238, in dumps
    **kw).encode(obj)
          ^^^^^^^^^^^
  File "/Users/mahonglve/.pyenv/versions/3.12.9/lib/python3.12/json/encoder.py", line 200, in encode
    chunks = self.iterencode(o, _one_shot=True)
             ^^^^^^^^^^^^^^^^^^^^^^^^^^^^^^^^^^
  File "/Users/mahonglve/.pyenv/versions/3.12.9/lib/python3.12/json/encoder.py", line 258, in iterencode
    return _iterencode(o, 0)
           ^^^^^^^^^^^^^^^^^
  File "/Users/mahonglve/.pyenv/versions/3.12.9/lib/python3.12/json/encoder.py", line 180, in default
    raise TypeError(f'Object of type {o.__class__.__name__} '
TypeError: Object of type RowMapping is not JSON serializable
2025-11-24 16:20:03 [ERROR] common.decorators - Unhandled error in get_projects (/Users/mahonglve/Desktop/gongdao/projects/gene/app/common/decorators.py:29)
Traceback (most recent call last):
  File "/Users/mahonglve/Desktop/gongdao/projects/gene/app/common/decorators.py", line 25, in async_wrapper
    return await func(*args, **kwargs)
           ^^^^^^^^^^^^^^^^^^^^^^^^^^^
  File "/Users/mahonglve/Desktop/gongdao/projects/gene/app/api/routes/remote.py", line 176, in get_projects
    return JSONResponse(
           ^^^^^^^^^^^^^
  File "/Users/mahonglve/.pyenv/versions/3.12.9/lib/python3.12/site-packages/starlette/responses.py", line 182, in __init__
    super().__init__(content, status_code, headers, media_type, background)
  File "/Users/mahonglve/.pyenv/versions/3.12.9/lib/python3.12/site-packages/starlette/responses.py", line 45, in __init__
    self.body = self.render(content)
                ^^^^^^^^^^^^^^^^^^^^
  File "/Users/mahonglve/.pyenv/versions/3.12.9/lib/python3.12/site-packages/starlette/responses.py", line 185, in render
    return json.dumps(
           ^^^^^^^^^^^
  File "/Users/mahonglve/.pyenv/versions/3.12.9/lib/python3.12/json/__init__.py", line 238, in dumps
    **kw).encode(obj)
          ^^^^^^^^^^^
  File "/Users/mahonglve/.pyenv/versions/3.12.9/lib/python3.12/json/encoder.py", line 200, in encode
    chunks = self.iterencode(o, _one_shot=True)
             ^^^^^^^^^^^^^^^^^^^^^^^^^^^^^^^^^^
  File "/Users/mahonglve/.pyenv/versions/3.12.9/lib/python3.12/json/encoder.py", line 258, in iterencode
    return _iterencode(o, 0)
           ^^^^^^^^^^^^^^^^^
  File "/Users/mahonglve/.pyenv/versions/3.12.9/lib/python3.12/json/encoder.py", line 180, in default
    raise TypeError(f'Object of type {o.__class__.__name__} '
TypeError: Object of type RowMapping is not JSON serializable
2025-11-24 16:20:04 [ERROR] common.decorators - Unhandled error in get_projects (/Users/mahonglve/Desktop/gongdao/projects/gene/app/common/decorators.py:29)
Traceback (most recent call last):
  File "/Users/mahonglve/Desktop/gongdao/projects/gene/app/common/decorators.py", line 25, in async_wrapper
    return await func(*args, **kwargs)
           ^^^^^^^^^^^^^^^^^^^^^^^^^^^
  File "/Users/mahonglve/Desktop/gongdao/projects/gene/app/api/routes/remote.py", line 176, in get_projects
    return JSONResponse(
           ^^^^^^^^^^^^^
  File "/Users/mahonglve/.pyenv/versions/3.12.9/lib/python3.12/site-packages/starlette/responses.py", line 182, in __init__
    super().__init__(content, status_code, headers, media_type, background)
  File "/Users/mahonglve/.pyenv/versions/3.12.9/lib/python3.12/site-packages/starlette/responses.py", line 45, in __init__
    self.body = self.render(content)
                ^^^^^^^^^^^^^^^^^^^^
  File "/Users/mahonglve/.pyenv/versions/3.12.9/lib/python3.12/site-packages/starlette/responses.py", line 185, in render
    return json.dumps(
           ^^^^^^^^^^^
  File "/Users/mahonglve/.pyenv/versions/3.12.9/lib/python3.12/json/__init__.py", line 238, in dumps
    **kw).encode(obj)
          ^^^^^^^^^^^
  File "/Users/mahonglve/.pyenv/versions/3.12.9/lib/python3.12/json/encoder.py", line 200, in encode
    chunks = self.iterencode(o, _one_shot=True)
             ^^^^^^^^^^^^^^^^^^^^^^^^^^^^^^^^^^
  File "/Users/mahonglve/.pyenv/versions/3.12.9/lib/python3.12/json/encoder.py", line 258, in iterencode
    return _iterencode(o, 0)
           ^^^^^^^^^^^^^^^^^
  File "/Users/mahonglve/.pyenv/versions/3.12.9/lib/python3.12/json/encoder.py", line 180, in default
    raise TypeError(f'Object of type {o.__class__.__name__} '
TypeError: Object of type RowMapping is not JSON serializable
2025-11-24 16:20:19 [ERROR] common.decorators - Unhandled error in get_projects (/Users/mahonglve/Desktop/gongdao/projects/gene/app/common/decorators.py:29)
Traceback (most recent call last):
  File "/Users/mahonglve/Desktop/gongdao/projects/gene/app/common/decorators.py", line 25, in async_wrapper
    return await func(*args, **kwargs)
           ^^^^^^^^^^^^^^^^^^^^^^^^^^^
  File "/Users/mahonglve/Desktop/gongdao/projects/gene/app/api/routes/remote.py", line 177, in get_projects
    return JSONResponse(
           ^^^^^^^^^^^^^
  File "/Users/mahonglve/.pyenv/versions/3.12.9/lib/python3.12/site-packages/starlette/responses.py", line 182, in __init__
    super().__init__(content, status_code, headers, media_type, background)
  File "/Users/mahonglve/.pyenv/versions/3.12.9/lib/python3.12/site-packages/starlette/responses.py", line 45, in __init__
    self.body = self.render(content)
                ^^^^^^^^^^^^^^^^^^^^
  File "/Users/mahonglve/.pyenv/versions/3.12.9/lib/python3.12/site-packages/starlette/responses.py", line 185, in render
    return json.dumps(
           ^^^^^^^^^^^
  File "/Users/mahonglve/.pyenv/versions/3.12.9/lib/python3.12/json/__init__.py", line 238, in dumps
    **kw).encode(obj)
          ^^^^^^^^^^^
  File "/Users/mahonglve/.pyenv/versions/3.12.9/lib/python3.12/json/encoder.py", line 200, in encode
    chunks = self.iterencode(o, _one_shot=True)
             ^^^^^^^^^^^^^^^^^^^^^^^^^^^^^^^^^^
  File "/Users/mahonglve/.pyenv/versions/3.12.9/lib/python3.12/json/encoder.py", line 258, in iterencode
    return _iterencode(o, 0)
           ^^^^^^^^^^^^^^^^^
  File "/Users/mahonglve/.pyenv/versions/3.12.9/lib/python3.12/json/encoder.py", line 180, in default
    raise TypeError(f'Object of type {o.__class__.__name__} '
TypeError: Object of type RowMapping is not JSON serializable
2025-11-24 16:20:32 [ERROR] common.decorators - Unhandled error in get_projects (/Users/mahonglve/Desktop/gongdao/projects/gene/app/common/decorators.py:29)
Traceback (most recent call last):
  File "/Users/mahonglve/Desktop/gongdao/projects/gene/app/common/decorators.py", line 25, in async_wrapper
    return await func(*args, **kwargs)
           ^^^^^^^^^^^^^^^^^^^^^^^^^^^
  File "/Users/mahonglve/Desktop/gongdao/projects/gene/app/api/routes/remote.py", line 178, in get_projects
    return JSONResponse(
           ^^^^^^^^^^^^^
  File "/Users/mahonglve/.pyenv/versions/3.12.9/lib/python3.12/site-packages/starlette/responses.py", line 182, in __init__
    super().__init__(content, status_code, headers, media_type, background)
  File "/Users/mahonglve/.pyenv/versions/3.12.9/lib/python3.12/site-packages/starlette/responses.py", line 45, in __init__
    self.body = self.render(content)
                ^^^^^^^^^^^^^^^^^^^^
  File "/Users/mahonglve/.pyenv/versions/3.12.9/lib/python3.12/site-packages/starlette/responses.py", line 185, in render
    return json.dumps(
           ^^^^^^^^^^^
  File "/Users/mahonglve/.pyenv/versions/3.12.9/lib/python3.12/json/__init__.py", line 238, in dumps
    **kw).encode(obj)
          ^^^^^^^^^^^
  File "/Users/mahonglve/.pyenv/versions/3.12.9/lib/python3.12/json/encoder.py", line 200, in encode
    chunks = self.iterencode(o, _one_shot=True)
             ^^^^^^^^^^^^^^^^^^^^^^^^^^^^^^^^^^
  File "/Users/mahonglve/.pyenv/versions/3.12.9/lib/python3.12/json/encoder.py", line 258, in iterencode
    return _iterencode(o, 0)
           ^^^^^^^^^^^^^^^^^
  File "/Users/mahonglve/.pyenv/versions/3.12.9/lib/python3.12/json/encoder.py", line 180, in default
    raise TypeError(f'Object of type {o.__class__.__name__} '
TypeError: Object of type RowMapping is not JSON serializable
